// Jest Snapshot v1, https://goo.gl/fbAQLP

exports[`matches snapshot 1`] = `
<DocumentFragment>
  <form
    class="newToDoForm"
  >
    <div>
      <label
        class="newToDoForm-textareaLabel"
        for="toDoText"
      >
        What do you need to do?
      </label>
      <br />
      <textarea
        class="newToDoForm-textarea"
        id="toDoText"
        name="toDoText"
      />
    </div>
    <button
      class="newToDoForm-btn"
      id="btn-newToDo"
    >
      Add!
    </button>
  </form>
</DocumentFragment>
`;
